Archive member included to satisfy reference by file (symbol)

E:/ST/STM32CubeIDE_1.13.0/STM32CubeIDE/plugins/com.st.stm32cube.ide.mcu.externaltools.gnu-tools-for-stm32.11.3.rel1.win32_1.1.0.202305231506/tools/bin/../lib/gcc/arm-none-eabi/11.3.1/../../../../arm-none-eabi/lib/thumb/v7-m/nofp\libc_nano.a(libc_a-exit.o)
                              E:/ST/STM32CubeIDE_1.13.0/STM32CubeIDE/plugins/com.st.stm32cube.ide.mcu.externaltools.gnu-tools-for-stm32.11.3.rel1.win32_1.1.0.202305231506/tools/bin/../lib/gcc/arm-none-eabi/11.3.1/../../../../arm-none-eabi/lib/thumb/v7-m/nofp/crt0.o (exit)
E:/ST/STM32CubeIDE_1.13.0/STM32CubeIDE/plugins/com.st.stm32cube.ide.mcu.externaltools.gnu-tools-for-stm32.11.3.rel1.win32_1.1.0.202305231506/tools/bin/../lib/gcc/arm-none-eabi/11.3.1/../../../../arm-none-eabi/lib/thumb/v7-m/nofp\libc_nano.a(libc_a-findfp.o)
                              E:/ST/STM32CubeIDE_1.13.0/STM32CubeIDE/plugins/com.st.stm32cube.ide.mcu.externaltools.gnu-tools-for-stm32.11.3.rel1.win32_1.1.0.202305231506/tools/bin/../lib/gcc/arm-none-eabi/11.3.1/../../../../arm-none-eabi/lib/thumb/v7-m/nofp\libc_nano.a(libc_a-exit.o) (__stdio_exit_handler)
E:/ST/STM32CubeIDE_1.13.0/STM32CubeIDE/plugins/com.st.stm32cube.ide.mcu.externaltools.gnu-tools-for-stm32.11.3.rel1.win32_1.1.0.202305231506/tools/bin/../lib/gcc/arm-none-eabi/11.3.1/../../../../arm-none-eabi/lib/thumb/v7-m/nofp\libc_nano.a(libc_a-fwalk.o)
                              E:/ST/STM32CubeIDE_1.13.0/STM32CubeIDE/plugins/com.st.stm32cube.ide.mcu.externaltools.gnu-tools-for-stm32.11.3.rel1.win32_1.1.0.202305231506/tools/bin/../lib/gcc/arm-none-eabi/11.3.1/../../../../arm-none-eabi/lib/thumb/v7-m/nofp\libc_nano.a(libc_a-findfp.o) (_fwalk_sglue)
E:/ST/STM32CubeIDE_1.13.0/STM32CubeIDE/plugins/com.st.stm32cube.ide.mcu.externaltools.gnu-tools-for-stm32.11.3.rel1.win32_1.1.0.202305231506/tools/bin/../lib/gcc/arm-none-eabi/11.3.1/../../../../arm-none-eabi/lib/thumb/v7-m/nofp\libc_nano.a(libc_a-stdio.o)
                              E:/ST/STM32CubeIDE_1.13.0/STM32CubeIDE/plugins/com.st.stm32cube.ide.mcu.externaltools.gnu-tools-for-stm32.11.3.rel1.win32_1.1.0.202305231506/tools/bin/../lib/gcc/arm-none-eabi/11.3.1/../../../../arm-none-eabi/lib/thumb/v7-m/nofp\libc_nano.a(libc_a-findfp.o) (__sread)
E:/ST/STM32CubeIDE_1.13.0/STM32CubeIDE/plugins/com.st.stm32cube.ide.mcu.externaltools.gnu-tools-for-stm32.11.3.rel1.win32_1.1.0.202305231506/tools/bin/../lib/gcc/arm-none-eabi/11.3.1/../../../../arm-none-eabi/lib/thumb/v7-m/nofp\libc_nano.a(libc_a-memset.o)
                              E:/ST/STM32CubeIDE_1.13.0/STM32CubeIDE/plugins/com.st.stm32cube.ide.mcu.externaltools.gnu-tools-for-stm32.11.3.rel1.win32_1.1.0.202305231506/tools/bin/../lib/gcc/arm-none-eabi/11.3.1/../../../../arm-none-eabi/lib/thumb/v7-m/nofp/crt0.o (memset)
E:/ST/STM32CubeIDE_1.13.0/STM32CubeIDE/plugins/com.st.stm32cube.ide.mcu.externaltools.gnu-tools-for-stm32.11.3.rel1.win32_1.1.0.202305231506/tools/bin/../lib/gcc/arm-none-eabi/11.3.1/../../../../arm-none-eabi/lib/thumb/v7-m/nofp\libc_nano.a(libc_a-closer.o)
                              E:/ST/STM32CubeIDE_1.13.0/STM32CubeIDE/plugins/com.st.stm32cube.ide.mcu.externaltools.gnu-tools-for-stm32.11.3.rel1.win32_1.1.0.202305231506/tools/bin/../lib/gcc/arm-none-eabi/11.3.1/../../../../arm-none-eabi/lib/thumb/v7-m/nofp\libc_nano.a(libc_a-stdio.o) (_close_r)
E:/ST/STM32CubeIDE_1.13.0/STM32CubeIDE/plugins/com.st.stm32cube.ide.mcu.externaltools.gnu-tools-for-stm32.11.3.rel1.win32_1.1.0.202305231506/tools/bin/../lib/gcc/arm-none-eabi/11.3.1/../../../../arm-none-eabi/lib/thumb/v7-m/nofp\libc_nano.a(libc_a-reent.o)
                              E:/ST/STM32CubeIDE_1.13.0/STM32CubeIDE/plugins/com.st.stm32cube.ide.mcu.externaltools.gnu-tools-for-stm32.11.3.rel1.win32_1.1.0.202305231506/tools/bin/../lib/gcc/arm-none-eabi/11.3.1/../../../../arm-none-eabi/lib/thumb/v7-m/nofp\libc_nano.a(libc_a-closer.o) (errno)
E:/ST/STM32CubeIDE_1.13.0/STM32CubeIDE/plugins/com.st.stm32cube.ide.mcu.externaltools.gnu-tools-for-stm32.11.3.rel1.win32_1.1.0.202305231506/tools/bin/../lib/gcc/arm-none-eabi/11.3.1/../../../../arm-none-eabi/lib/thumb/v7-m/nofp\libc_nano.a(libc_a-impure.o)
                              E:/ST/STM32CubeIDE_1.13.0/STM32CubeIDE/plugins/com.st.stm32cube.ide.mcu.externaltools.gnu-tools-for-stm32.11.3.rel1.win32_1.1.0.202305231506/tools/bin/../lib/gcc/arm-none-eabi/11.3.1/../../../../arm-none-eabi/lib/thumb/v7-m/nofp\libc_nano.a(libc_a-reent.o) (_impure_ptr)
E:/ST/STM32CubeIDE_1.13.0/STM32CubeIDE/plugins/com.st.stm32cube.ide.mcu.externaltools.gnu-tools-for-stm32.11.3.rel1.win32_1.1.0.202305231506/tools/bin/../lib/gcc/arm-none-eabi/11.3.1/../../../../arm-none-eabi/lib/thumb/v7-m/nofp\libc_nano.a(libc_a-lseekr.o)
[...]
Memory Configuration

Name             Origin             Length             Attributes
RAM              0x0000000020000000 0x0000000000005000 xrw
FLASH            0x0000000008000000 0x0000000000010000 xr
*default*        0x0000000000000000 0xffffffffffffffff

Linker script and memory map

LOAD E:/ST/STM32CubeIDE_1.13.0/STM32CubeIDE/plugins/com.st.stm32cube.ide.mcu.externaltools.gnu-tools-for-stm32.11.3.rel1.win32_1.1.0.202305231506/tools/bin/../lib/gcc/arm-none-eabi/11.3.1/thumb/v7-m/nofp/crti.o
LOAD E:/ST/STM32CubeIDE_1.13.0/STM32CubeIDE/plugins/com.st.stm32cube.ide.mcu.externaltools.gnu-tools-for-stm32.11.3.rel1.win32_1.1.0.202305231506/tools/bin/../lib/gcc/arm-none-eabi/11.3.1/thumb/v7-m/nofp/crtbegin.o
LOAD E:/ST/STM32CubeIDE_1.13.0/STM32CubeIDE/plugins/com.st.stm32cube.ide.mcu.externaltools.gnu-tools-for-stm32.11.3.rel1.win32_1.1.0.202305231506/tools/bin/../lib/gcc/arm-none-eabi/11.3.1/../../../../arm-none-eabi/lib/thumb/v7-m/nofp/crt0.o
LOAD ./Src/gpio.o
LOAD ./Src/main.o
LOAD ./Src/rcc.o
LOAD ./Src/syscalls.o
LOAD ./Src/sysmem.o
LOAD ./Startup/startup_stm32f103c8tx.o
START GROUP
LOAD E:/ST/STM32CubeIDE_1.13.0/STM32CubeIDE/plugins/com.st.stm32cube.ide.mcu.externaltools.gnu-tools-for-stm32.11.3.rel1.win32_1.1.0.202305231506/tools/bin/../lib/gcc/arm-none-eabi/11.3.1/../../../../arm-none-eabi/lib/thumb/v7-m/nofp\libc_nano.a
LOAD E:/ST/STM32CubeIDE_1.13.0/STM32CubeIDE/plugins/com.st.stm32cube.ide.mcu.externaltools.gnu-tools-for-stm32.11.3.rel1.win32_1.1.0.202305231506/tools/bin/../lib/gcc/arm-none-eabi/11.3.1/../../../../arm-none-eabi/lib/thumb/v7-m/nofp\libm.a
END GROUP
START GROUP
LOAD E:/ST/STM32CubeIDE_1.13.0/STM32CubeIDE/plugins/com.st.stm32cube.ide.mcu.externaltools.gnu-tools-for-stm32.11.3.rel1.win32_1.1.0.202305231506/tools/bin/../lib/gcc/arm-none-eabi/11.3.1/thumb/v7-m/nofp\libgcc.a
LOAD E:/ST/STM32CubeIDE_1.13.0/STM32CubeIDE/plugins/com.st.stm32cube.ide.mcu.externaltools.gnu-tools-for-stm32.11.3.rel1.win32_1.1.0.202305231506/tools/bin/../lib/gcc/arm-none-eabi/11.3.1/../../../../arm-none-eabi/lib/thumb/v7-m/nofp\libc_nano.a
END GROUP
START GROUP
LOAD E:/ST/STM32CubeIDE_1.13.0/STM32CubeIDE/plugins/com.st.stm32cube.ide.mcu.externaltools.gnu-tools-for-stm32.11.3.rel1.win32_1.1.0.202305231506/tools/bin/../lib/gcc/arm-none-eabi/11.3.1/thumb/v7-m/nofp\libgcc.a
LOAD E:/ST/STM32CubeIDE_1.13.0/STM32CubeIDE/plugins/com.st.stm32cube.ide.mcu.externaltools.gnu-tools-for-stm32.11.3.rel1.win32_1.1.0.202305231506/tools/bin/../lib/gcc/arm-none-eabi/11.3.1/../../../../arm-none-eabi/lib/thumb/v7-m/nofp\libc_nano.a
LOAD E:/ST/STM32CubeIDE_1.13.0/STM32CubeIDE/plugins/com.st.stm32cube.ide.mcu.externaltools.gnu-tools-for-stm32.11.3.rel1.win32_1.1.0.202305231506/tools/bin/../lib/gcc/arm-none-eabi/11.3.1/../../../../arm-none-eabi/lib/thumb/v7-m/nofp\libnosys.a
END GROUP
START GROUP
LOAD E:/ST/STM32CubeIDE_1.13.0/STM32CubeIDE/plugins/com.st.stm32cube.ide.mcu.externaltools.gnu-tools-for-stm32.11.3.rel1.win32_1.1.0.202305231506/tools/bin/../lib/gcc/arm-none-eabi/11.3.1/thumb/v7-m/nofp\libgcc.a
LOAD E:/ST/STM32CubeIDE_1.13.0/STM32CubeIDE/plugins/com.st.stm32cube.ide.mcu.externaltools.gnu-tools-for-stm32.11.3.rel1.win32_1.1.0.202305231506/tools/bin/../lib/gcc/arm-none-eabi/11.3.1/../../../../arm-none-eabi/lib/thumb/v7-m/nofp\libc_nano.a
LOAD E:/ST/STM32CubeIDE_1.13.0/STM32CubeIDE/plugins/com.st.stm32cube.ide.mcu.externaltools.gnu-tools-for-stm32.11.3.rel1.win32_1.1.0.202305231506/tools/bin/../lib/gcc/arm-none-eabi/11.3.1/../../../../arm-none-eabi/lib/thumb/v7-m/nofp\libnosys.a
END GROUP
LOAD E:/ST/STM32CubeIDE_1.13.0/STM32CubeIDE/plugins/com.st.stm32cube.ide.mcu.externaltools.gnu-tools-for-stm32.11.3.rel1.win32_1.1.0.202305231506/tools/bin/../lib/gcc/arm-none-eabi/11.3.1/thumb/v7-m/nofp/crtend.o
LOAD E:/ST/STM32CubeIDE_1.13.0/STM32CubeIDE/plugins/com.st.stm32cube.ide.mcu.externaltools.gnu-tools-for-stm32.11.3.rel1.win32_1.1.0.202305231506/tools/bin/../lib/gcc/arm-none-eabi/11.3.1/thumb/v7-m/nofp/crtn.o
                0x0000000020005000                _estack = (ORIGIN (RAM) + LENGTH (RAM))
                0x0000000000000200                _Min_Heap_Size = 0x200
                0x0000000000000400                _Min_Stack_Size = 0x400

.isr_vector     0x0000000008000000      0x130
                0x0000000008000000                . = ALIGN (0x4)
 *(.isr_vector)
 .isr_vector    0x0000000008000000      0x130 ./Startup/startup_stm32f103c8tx.o
                0x0000000008000000                g_pfnVectors
                0x0000000008000130                . = ALIGN (0x4)

.text           0x0000000008000130      0x968
                0x0000000008000130                . = ALIGN (0x4)
 *(.text)
 .text          0x0000000008000130       0x40 E:/ST/STM32CubeIDE_1.13.0/STM32CubeIDE/plugins/com.st.stm32cube.ide.mcu.externaltools.gnu-tools-for-stm32.11.3.rel1.win32_1.1.0.202305231506/tools/bin/../lib/gcc/arm-none-eabi/11.3.1/thumb/v7-m/nofp/crtbegin.o
 *(.text*)
 .text.GPIO_Init
                0x0000000008000170      0x2a8 ./Src/gpio.o
                0x0000000008000170                GPIO_Init
 .text.GPIO_SetPinValue
                0x0000000008000418      0x104 ./Src/gpio.o
                0x0000000008000418                GPIO_SetPinValue
 .text.GPIO_TogglePin
                0x000000000800051c       0x88 ./Src/gpio.o
                0x000000000800051c                GPIO_TogglePin
 .text.main     0x00000000080005a4       0x4c ./Src/main.o
                0x00000000080005a4                main
 .text.vRCC_SetHSI
                0x00000000080005f0       0x28 ./Src/rcc.o
 .text.vRCC_Init
                0x0000000008000618       0x48 ./Src/rcc.o
                0x0000000008000618                vRCC_Init
 .text.vRCC_SetSystemClock
                0x0000000008000660      0x284 ./Src/rcc.o
                0x0000000008000660                vRCC_SetSystemClock
 .text.vRCC_EnablePeripheralClock
                0x00000000080008e4       0x70 ./Src/rcc.o
                0x00000000080008e4                vRCC_EnablePeripheralClock
 .text.vRCC_WaitForHSIStable
                0x0000000008000954       0x20 ./Src/rcc.o
 .text.vRCC_EnableMCO
                0x0000000008000974       0x70 ./Src/rcc.o
                0x0000000008000974                vRCC_EnableMCO
 .text.Reset_Handler
                0x00000000080009e4       0x50 ./Startup/startup_stm32f103c8tx.o
                0x00000000080009e4                Reset_Handler
 .text.Default_Handler
                0x0000000008000a34        0x2 ./Startup/startup_stm32f103c8tx.o
                0x0000000008000a34                EXTI2_IRQHandler
                0x0000000008000a34                TIM8_TRG_COM_IRQHandler
                0x0000000008000a34                TIM8_CC_IRQHandler
                0x0000000008000a34                DebugMon_Handler
                0x0000000008000a34                TIM1_CC_IRQHandler
                0x0000000008000a34                HardFault_Handler
                0x0000000008000a34                TIM6_IRQHandler
                0x0000000008000a34                SysTick_Handler
                0x0000000008000a34                PVD_IRQHandler
                0x0000000008000a34                SDIO_IRQHandler
                0x0000000008000a34                PendSV_Handler
                0x0000000008000a34                NMI_Handler
                0x0000000008000a34                EXTI3_IRQHandler
                0x0000000008000a34                USB_HP_CAN_TX_IRQHandler
                0x0000000008000a34                EXTI0_IRQHandler
                0x0000000008000a34                I2C2_EV_IRQHandler
                0x0000000008000a34                UsageFault_Handler
                0x0000000008000a34                ADC1_2_IRQHandler
                0x0000000008000a34                SPI1_IRQHandler
                0x0000000008000a34                CAN_SCE_IRQHandler
                0x0000000008000a34                TAMPER_IRQHandler
                0x0000000008000a34                TIM8_UP_IRQHandler
                0x0000000008000a34                DMA2_Channel2_IRQHandler
                0x0000000008000a34                DMA1_Channel4_IRQHandler
                0x0000000008000a34                USART3_IRQHandler
                0x0000000008000a34                RTC_IRQHandler
                0x0000000008000a34                DMA1_Channel7_IRQHandler
                0x0000000008000a34                UART5_IRQHandler
                0x0000000008000a34                ADC3_IRQHandler
                0x0000000008000a34                TIM4_IRQHandler
                0x0000000008000a34                CAN_RX1_IRQHandler
                0x0000000008000a34                DMA2_Channel1_IRQHandler
                0x0000000008000a34                I2C1_EV_IRQHandler
                0x0000000008000a34                DMA1_Channel6_IRQHandler
                0x0000000008000a34                UART4_IRQHandler
                0x0000000008000a34                TIM3_IRQHandler
                0x0000000008000a34                RCC_IRQHandler
                0x0000000008000a34                TIM1_TRG_COM_IRQHandler
                0x0000000008000a34                DMA1_Channel1_IRQHandler
                0x0000000008000a34                Default_Handler
                0x0000000008000a34                EXTI15_10_IRQHandler
                0x0000000008000a34                TIM7_IRQHandler
                0x0000000008000a34                TIM5_IRQHandler
                0x0000000008000a34                EXTI9_5_IRQHandler
                0x0000000008000a34                SPI2_IRQHandler
                0x0000000008000a34                USB_LP_CAN_RX0_IRQHandler
                0x0000000008000a34                MemManage_Handler
                0x0000000008000a34                SVC_Handler
                0x0000000008000a34                DMA1_Channel5_IRQHandler
                0x0000000008000a34                EXTI4_IRQHandler
                0x0000000008000a34                DMA1_Channel3_IRQHandler
                0x0000000008000a34                FSMC_IRQHandler
                0x0000000008000a34                TIM1_UP_IRQHandler
                0x0000000008000a34                WWDG_IRQHandler
                0x0000000008000a34                TIM2_IRQHandler
                0x0000000008000a34                TIM1_BRK_IRQHandler
                0x0000000008000a34                EXTI1_IRQHandler
                0x0000000008000a34                RTCAlarm_IRQHandler
                0x0000000008000a34                DMA2_Channel4_5_IRQHandler
                0x0000000008000a34                USART2_IRQHandler
                0x0000000008000a34                I2C2_ER_IRQHandler
                0x0000000008000a34                DMA1_Channel2_IRQHandler
                0x0000000008000a34                TIM8_BRK_IRQHandler
                0x0000000008000a34                FLASH_IRQHandler
                0x0000000008000a34                BusFault_Handler
                0x0000000008000a34                USART1_IRQHandler
                0x0000000008000a34                SPI3_IRQHandler
                0x0000000008000a34                I2C1_ER_IRQHandler
                0x0000000008000a34                DMA2_Channel3_IRQHandler
 *fill*         0x0000000008000a36        0x2 
 .text.__libc_init_array
                0x0000000008000a38       0x48 E:/ST/STM32CubeIDE_1.13.0/STM32CubeIDE/plugins/com.st.stm32cube.ide.mcu.externaltools.gnu-tools-for-stm32.11.3.rel1.win32_1.1.0.202305231506/tools/bin/../lib/gcc/arm-none-eabi/11.3.1/../../../../arm-none-eabi/lib/thumb/v7-m/nofp\libc_nano.a(libc_a-init.o)
                0x0000000008000a38                __libc_init_array
 *(.glue_7)
 .glue_7        0x0000000008000a80        0x0 linker stubs
 *(.glue_7t)
 .glue_7t       0x0000000008000a80        0x0 linker stubs
 *(.eh_frame)
 .eh_frame      0x0000000008000a80        0x0 E:/ST/STM32CubeIDE_1.13.0/STM32CubeIDE/plugins/com.st.stm32cube.ide.mcu.externaltools.gnu-tools-for-stm32.11.3.rel1.win32_1.1.0.202305231506/tools/bin/../lib/gcc/arm-none-eabi/11.3.1/thumb/v7-m/nofp/crtbegin.o
 *(.init)
 .init          0x0000000008000a80        0x4 E:/ST/STM32CubeIDE_1.13.0/STM32CubeIDE/plugins/com.st.stm32cube.ide.mcu.externaltools.gnu-tools-for-stm32.11.3.rel1.win32_1.1.0.202305231506/tools/bin/../lib/gcc/arm-none-eabi/11.3.1/thumb/v7-m/nofp/crti.o
                0x0000000008000a80                _init
 .init          0x0000000008000a84        0x8 E:/ST/STM32CubeIDE_1.13.0/STM32CubeIDE/plugins/com.st.stm32cube.ide.mcu.externaltools.gnu-tools-for-stm32.11.3.rel1.win32_1.1.0.202305231506/tools/bin/../lib/gcc/arm-none-eabi/11.3.1/thumb/v7-m/nofp/crtn.o
 *(.fini)
 .fini          0x0000000008000a8c        0x4 E:/ST/STM32CubeIDE_1.13.0/STM32CubeIDE/plugins/com.st.stm32cube.ide.mcu.externaltools.gnu-tools-for-stm32.11.3.rel1.win32_1.1.0.202305231506/tools/bin/../lib/gcc/arm-none-eabi/11.3.1/thumb/v7-m/nofp/crti.o
                0x0000000008000a8c                _fini
 .fini          0x0000000008000a90        0x8 E:/ST/STM32CubeIDE_1.13.0/STM32CubeIDE/plugins/com.st.stm32cube.ide.mcu.externaltools.gnu-tools-for-stm32.11.3.rel1.win32_1.1.0.202305231506/tools/bin/../lib/gcc/arm-none-eabi/11.3.1/thumb/v7-m/nofp/crtn.o
                0x0000000008000a98                . = ALIGN (0x4)
                0x0000000008000a98                _etext = .

.vfp11_veneer   0x0000000008000a98        0x0
 .vfp11_veneer  0x0000000008000a98        0x0 linker stubs

.v4_bx          0x0000000008000a98        0x0
 .v4_bx         0x0000000008000a98        0x0 linker stubs

.iplt           0x0000000008000a98        0x0
 .iplt          0x0000000008000a98        0x0 E:/ST/STM32CubeIDE_1.13.0/STM32CubeIDE/plugins/com.st.stm32cube.ide.mcu.externaltools.gnu-tools-for-stm32.11.3.rel1.win32_1.1.0.202305231506/tools/bin/../lib/gcc/arm-none-eabi/11.3.1/thumb/v7-m/nofp/crtbegin.o

.rodata         0x0000000008000a98       0x1c
                0x0000000008000a98                . = ALIGN (0x4)
 *(.rodata)
 *(.rodata*)
 .rodata.SystemClockConfig
                0x0000000008000a98        0xa ./Src/main.o
                0x0000000008000a98                SystemClockConfig
 *fill*         0x0000000008000aa2        0x2 
 .rodata.Pin    0x0000000008000aa4        0x6 ./Src/main.o
                0x0000000008000aa4                Pin
 *fill*         0x0000000008000aaa        0x2 
 .rodata.MCO_Pin
                0x0000000008000aac        0x6 ./Src/rcc.o
                0x0000000008000aac                MCO_Pin
                0x0000000008000ab4                . = ALIGN (0x4)
 *fill*         0x0000000008000ab2        0x2 

.rel.dyn        0x0000000008000ab4        0x0
 .rel.iplt      0x0000000008000ab4        0x0 E:/ST/STM32CubeIDE_1.13.0/STM32CubeIDE/plugins/com.st.stm32cube.ide.mcu.externaltools.gnu-tools-for-stm32.11.3.rel1.win32_1.1.0.202305231506/tools/bin/../lib/gcc/arm-none-eabi/11.3.1/thumb/v7-m/nofp/crtbegin.o

.ARM.extab      0x0000000008000ab4        0x0
                0x0000000008000ab4                . = ALIGN (0x4)
 *(.ARM.extab* .gnu.linkonce.armextab.*)
                0x0000000008000ab4                . = ALIGN (0x4)

.ARM            0x0000000008000ab4        0x0
                0x0000000008000ab4                . = ALIGN (0x4)
                0x0000000008000ab4                __exidx_start = .
 *(.ARM.exidx*)
                0x0000000008000ab4                __exidx_end = .
                0x0000000008000ab4                . = ALIGN (0x4)

.preinit_array  0x0000000008000ab4        0x0
                0x0000000008000ab4                . = ALIGN (0x4)
                0x0000000008000ab4                PROVIDE (__preinit_array_start = .)
 *(.preinit_array*)
                0x0000000008000ab4                PROVIDE (__preinit_array_end = .)
                0x0000000008000ab4                . = ALIGN (0x4)

.init_array     0x0000000008000ab4        0x4
                0x0000000008000ab4                . = ALIGN (0x4)
                0x0000000008000ab4                PROVIDE (__init_array_start = .)
 *(SORT_BY_NAME(.init_array.*))
 *(.init_array*)
 .init_array    0x0000000008000ab4        0x4 E:/ST/STM32CubeIDE_1.13.0/STM32CubeIDE/plugins/com.st.stm32cube.ide.mcu.externaltools.gnu-tools-for-stm32.11.3.rel1.win32_1.1.0.202305231506/tools/bin/../lib/gcc/arm-none-eabi/11.3.1/thumb/v7-m/nofp/crtbegin.o
                0x0000000008000ab8                PROVIDE (__init_array_end = .)
                0x0000000008000ab8                . = ALIGN (0x4)

.fini_array     0x0000000008000ab8        0x4
                0x0000000008000ab8                . = ALIGN (0x4)
                [!provide]                        PROVIDE (__fini_array_start = .)
 *(SORT_BY_NAME(.fini_array.*))
 *(.fini_array*)
 .fini_array    0x0000000008000ab8        0x4 E:/ST/STM32CubeIDE_1.13.0/STM32CubeIDE/plugins/com.st.stm32cube.ide.mcu.externaltools.gnu-tools-for-stm32.11.3.rel1.win32_1.1.0.202305231506/tools/bin/../lib/gcc/arm-none-eabi/11.3.1/thumb/v7-m/nofp/crtbegin.o
                [!provide]                        PROVIDE (__fini_array_end = .)
                0x0000000008000abc                . = ALIGN (0x4)
                0x0000000008000abc                _sidata = LOADADDR (.data)

.data           0x0000000020000000        0x0 load address 0x0000000008000abc
                0x0000000020000000                . = ALIGN (0x4)
                0x0000000020000000                _sdata = .
 *(.data)
 *(.data*)
 *(.RamFunc)
 *(.RamFunc*)
                0x0000000020000000                . = ALIGN (0x4)
                0x0000000020000000                _edata = .

.igot.plt       0x0000000020000000        0x0 load address 0x0000000008000abc
 .igot.plt      0x0000000020000000        0x0 E:/ST/STM32CubeIDE_1.13.0/STM32CubeIDE/plugins/com.st.stm32cube.ide.mcu.externaltools.gnu-tools-for-stm32.11.3.rel1.win32_1.1.0.202305231506/tools/bin/../lib/gcc/arm-none-eabi/11.3.1/thumb/v7-m/nofp/crtbegin.o
                0x0000000020000000                . = ALIGN (0x4)

.bss            0x0000000020000000       0x1c load address 0x0000000008000abc
                0x0000000020000000                _sbss = .
                0x0000000020000000                __bss_start__ = _sbss
 *(.bss)
 .bss           0x0000000020000000       0x1c E:/ST/STM32CubeIDE_1.13.0/STM32CubeIDE/plugins/com.st.stm32cube.ide.mcu.externaltools.gnu-tools-for-stm32.11.3.rel1.win32_1.1.0.202305231506/tools/bin/../lib/gcc/arm-none-eabi/11.3.1/thumb/v7-m/nofp/crtbegin.o
 *(.bss*)
 *(COMMON)
                0x000000002000001c                . = ALIGN (0x4)
                0x000000002000001c                _ebss = .
                0x000000002000001c                __bss_end__ = _ebss

._user_heap_stack
                0x000000002000001c      0x604 load address 0x0000000008000abc
                0x0000000020000020                . = ALIGN (0x8)
 *fill*         0x000000002000001c        0x4 
                [!provide]                        PROVIDE (end = .)
                0x0000000020000020                PROVIDE (_end = .)
                0x0000000020000220                . = (. + _Min_Heap_Size)
 *fill*         0x0000000020000020      0x200 
                0x0000000020000620                . = (. + _Min_Stack_Size)
 *fill*         0x0000000020000220      0x400 
                0x0000000020000620                . = ALIGN (0x8)

/DISCARD/
 libc.a(*)
 libm.a(*)
 libgcc.a(*)

.ARM.attributes
                0x0000000000000000       0x29
 *(.ARM.attributes)
 .ARM.attributes
                0x0000000000000000       0x1d E:/ST/STM32CubeIDE_1.13.0/STM32CubeIDE/plugins/com.st.stm32cube.ide.mcu.externaltools.gnu-tools-for-stm32.11.3.rel1.win32_1.1.0.202305231506/tools/bin/../lib/gcc/arm-none-eabi/11.3.1/thumb/v7-m/nofp/crti.o
 .ARM.attributes
                0x000000000000001d       0x2d E:/ST/STM32CubeIDE_1.13.0/STM32CubeIDE/plugins/com.st.stm32cube.ide.mcu.externaltools.gnu-tools-for-stm32.11.3.rel1.win32_1.1.0.202305231506/tools/bin/../lib/gcc/arm-none-eabi/11.3.1/thumb/v7-m/nofp/crtbegin.o
 .ARM.attributes
                0x000000000000004a       0x2d ./Src/gpio.o
 .ARM.attributes
                0x0000000000000077       0x2d ./Src/main.o
 .ARM.attributes
                0x00000000000000a4       0x2d ./Src/rcc.o
 .ARM.attributes
                0x00000000000000d1       0x21 ./Startup/startup_stm32f103c8tx.o
 .ARM.attributes
                0x00000000000000f2       0x2d E:/ST/STM32CubeIDE_1.13.0/STM32CubeIDE/plugins/com.st.stm32cube.ide.mcu.externaltools.gnu-tools-for-stm32.11.3.rel1.win32_1.1.0.202305231506/tools/bin/../lib/gcc/arm-none-eabi/11.3.1/../../../../arm-none-eabi/lib/thumb/v7-m/nofp\libc_nano.a(libc_a-init.o)
 .ARM.attributes
                0x000000000000011f       0x1d E:/ST/STM32CubeIDE_1.13.0/STM32CubeIDE/plugins/com.st.stm32cube.ide.mcu.externaltools.gnu-tools-for-stm32.11.3.rel1.win32_1.1.0.202305231506/tools/bin/../lib/gcc/arm-none-eabi/11.3.1/thumb/v7-m/nofp/crtn.o
OUTPUT(BlueBill_Drivers.elf elf32-littlearm)
LOAD linker stubs
LOAD E:/ST/STM32CubeIDE_1.13.0/STM32CubeIDE/plugins/com.st.stm32cube.ide.mcu.externaltools.gnu-tools-for-stm32.11.3.rel1.win32_1.1.0.202305231506/tools/bin/../lib/gcc/arm-none-eabi/11.3.1/../../../../arm-none-eabi/lib/thumb/v7-m/nofp\libc.a
LOAD E:/ST/STM32CubeIDE_1.13.0/STM32CubeIDE/plugins/com.st.stm32cube.ide.mcu.externaltools.gnu-tools-for-stm32.11.3.rel1.win32_1.1.0.202305231506/tools/bin/../lib/gcc/arm-none-eabi/11.3.1/../../../../arm-none-eabi/lib/thumb/v7-m/nofp\libm.a
LOAD E:/ST/STM32CubeIDE_1.13.0/STM32CubeIDE/plugins/com.st.stm32cube.ide.mcu.externaltools.gnu-tools-for-stm32.11.3.rel1.win32_1.1.0.202305231506/tools/bin/../lib/gcc/arm-none-eabi/11.3.1/thumb/v7-m/nofp\libgcc.a

.comment        0x0000000000000000       0x43
 .comment       0x0000000000000000       0x43 E:/ST/STM32CubeIDE_1.13.0/STM32CubeIDE/plugins/com.st.stm32cube.ide.mcu.externaltools.gnu-tools-for-stm32.11.3.rel1.win32_1.1.0.202305231506/tools/bin/../lib/gcc/arm-none-eabi/11.3.1/thumb/v7-m/nofp/crtbegin.o
                                         0x44 (size before relaxing)
 .comment       0x0000000000000043       0x44 ./Src/gpio.o
 .comment       0x0000000000000043       0x44 ./Src/main.o
 .comment       0x0000000000000043       0x44 ./Src/rcc.o

.debug_info     0x0000000000000000      0xf90
 .debug_info    0x0000000000000000      0x511 ./Src/gpio.o
 .debug_info    0x0000000000000511      0x398 ./Src/main.o
 .debug_info    0x00000000000008a9      0x6c4 ./Src/rcc.o
 .debug_info    0x0000000000000f6d       0x23 ./Startup/startup_stm32f103c8tx.o

.debug_abbrev   0x0000000000000000      0x405
 .debug_abbrev  0x0000000000000000      0x131 ./Src/gpio.o
 .debug_abbrev  0x0000000000000131      0x13d ./Src/main.o
 .debug_abbrev  0x000000000000026e      0x185 ./Src/rcc.o
 .debug_abbrev  0x00000000000003f3       0x12 ./Startup/startup_stm32f103c8tx.o

.debug_aranges  0x0000000000000000       0xd8
 .debug_aranges
                0x0000000000000000       0x38 ./Src/gpio.o
 .debug_aranges
                0x0000000000000038       0x20 ./Src/main.o
 .debug_aranges
                0x0000000000000058       0x58 ./Src/rcc.o
 .debug_aranges
                0x00000000000000b0       0x28 ./Startup/startup_stm32f103c8tx.o

.debug_rnglists
                0x0000000000000000       0x93
 .debug_rnglists
                0x0000000000000000       0x29 ./Src/gpio.o
 .debug_rnglists
                0x0000000000000029       0x13 ./Src/main.o
 .debug_rnglists
                0x000000000000003c       0x3e ./Src/rcc.o
 .debug_rnglists
                0x000000000000007a       0x19 ./Startup/startup_stm32f103c8tx.o

.debug_macro    0x0000000000000000     0x21c4
 .debug_macro   0x0000000000000000      0x160 ./Src/gpio.o
 .debug_macro   0x0000000000000160      0xaa2 ./Src/gpio.o
 .debug_macro   0x0000000000000c02       0x3a ./Src/gpio.o
 .debug_macro   0x0000000000000c3c       0x1c ./Src/gpio.o
 .debug_macro   0x0000000000000c58       0x7c ./Src/gpio.o
 .debug_macro   0x0000000000000cd4       0x46 ./Src/gpio.o
 .debug_macro   0x0000000000000d1a      0x136 ./Src/gpio.o
 .debug_macro   0x0000000000000e50       0x58 ./Src/gpio.o
 .debug_macro   0x0000000000000ea8       0x22 ./Src/gpio.o
 .debug_macro   0x0000000000000eca       0x5b ./Src/gpio.o
 .debug_macro   0x0000000000000f25       0x24 ./Src/gpio.o
 .debug_macro   0x0000000000000f49       0x94 ./Src/gpio.o
 .debug_macro   0x0000000000000fdd       0x43 ./Src/gpio.o
 .debug_macro   0x0000000000001020       0x34 ./Src/gpio.o
 .debug_macro   0x0000000000001054       0x16 ./Src/gpio.o
 .debug_macro   0x000000000000106a       0x57 ./Src/gpio.o
 .debug_macro   0x00000000000010c1       0x97 ./Src/gpio.o
 .debug_macro   0x0000000000001158      0x369 ./Src/gpio.o
 .debug_macro   0x00000000000014c1       0xfd ./Src/gpio.o
 .debug_macro   0x00000000000015be       0x16 ./Src/gpio.o
 .debug_macro   0x00000000000015d4       0x43 ./Src/gpio.o
 .debug_macro   0x0000000000001617       0x34 ./Src/gpio.o
 .debug_macro   0x000000000000164b       0x10 ./Src/gpio.o
 .debug_macro   0x000000000000165b       0x58 ./Src/gpio.o
 .debug_macro   0x00000000000016b3       0x8e ./Src/gpio.o
 .debug_macro   0x0000000000001741       0x1c ./Src/gpio.o
 .debug_macro   0x000000000000175d      0x177 ./Src/gpio.o
 .debug_macro   0x00000000000018d4       0x16 ./Src/gpio.o
 .debug_macro   0x00000000000018ea       0x16 ./Src/gpio.o
 .debug_macro   0x0000000000001900      0x147 ./Src/gpio.o
 .debug_macro   0x0000000000001a47      0x191 ./Src/main.o
 .debug_macro   0x0000000000001bd8       0x8e ./Src/main.o
 .debug_macro   0x0000000000001c66       0x51 ./Src/main.o
 .debug_macro   0x0000000000001cb7      0x103 ./Src/main.o
 .debug_macro   0x0000000000001dba       0x6a ./Src/main.o
 .debug_macro   0x0000000000001e24      0x1df ./Src/main.o
 .debug_macro   0x0000000000002003       0x61 ./Src/main.o
 .debug_macro   0x0000000000002064      0x160 ./Src/rcc.o

.debug_line     0x0000000000000000     0x17cb
 .debug_line    0x0000000000000000      0x94a ./Src/gpio.o
 .debug_line    0x000000000000094a      0x652 ./Src/main.o
 .debug_line    0x0000000000000f9c      0x7b4 ./Src/rcc.o
 .debug_line    0x0000000000001750       0x7b ./Startup/startup_stm32f103c8tx.o

.debug_str      0x0000000000000000     0x82dc
 .debug_str     0x0000000000000000     0x7626 ./Src/gpio.o
                                       0x776d (size before relaxing)
 .debug_str     0x0000000000007626      0xb68 ./Src/main.o
                                       0x81c3 (size before relaxing)
 .debug_str     0x000000000000818e      0x11f ./Src/rcc.o
                                       0x7911 (size before relaxing)
 .debug_str     0x00000000000082ad       0x2f ./Startup/startup_stm32f103c8tx.o
                                         0x57 (size before relaxing)

.debug_frame    0x0000000000000000      0x24c
 .debug_frame   0x0000000000000000       0xb0 ./Src/gpio.o
 .debug_frame   0x00000000000000b0       0x34 ./Src/main.o
 .debug_frame   0x00000000000000e4      0x13c ./Src/rcc.o
 .debug_frame   0x0000000000000220       0x2c E:/ST/STM32CubeIDE_1.13.0/STM32CubeIDE/plugins/com.st.stm32cube.ide.mcu.externaltools.gnu-tools-for-stm32.11.3.rel1.win32_1.1.0.202305231506/tools/bin/../lib/gcc/arm-none-eabi/11.3.1/../../../../arm-none-eabi/lib/thumb/v7-m/nofp\libc_nano.a(libc_a-init.o)

.debug_line_str
                0x0000000000000000       0x4b
 .debug_line_str
                0x0000000000000000       0x4b ./Startup/startup_stm32f103c8tx.o
                                         0x63 (size before relaxing)
