Archive member included to satisfy reference by file (symbol)

/opt/st/stm32cubeide_1.16.0/plugins/com.st.stm32cube.ide.mcu.externaltools.gnu-tools-for-stm32.12.3.rel1.linux64_1.0.200.202406132123/tools/bin/../lib/gcc/arm-none-eabi/12.3.1/../../../../arm-none-eabi/lib/thumb/v7-m/nofp/libc_nano.a(libc_a-exit.o)
                              /opt/st/stm32cubeide_1.16.0/plugins/com.st.stm32cube.ide.mcu.externaltools.gnu-tools-for-stm32.12.3.rel1.linux64_1.0.200.202406132123/tools/bin/../lib/gcc/arm-none-eabi/12.3.1/../../../../arm-none-eabi/lib/thumb/v7-m/nofp/crt0.o (exit)
/opt/st/stm32cubeide_1.16.0/plugins/com.st.stm32cube.ide.mcu.externaltools.gnu-tools-for-stm32.12.3.rel1.linux64_1.0.200.202406132123/tools/bin/../lib/gcc/arm-none-eabi/12.3.1/../../../../arm-none-eabi/lib/thumb/v7-m/nofp/libc_nano.a(libc_a-findfp.o)
                              /opt/st/stm32cubeide_1.16.0/plugins/com.st.stm32cube.ide.mcu.externaltools.gnu-tools-for-stm32.12.3.rel1.linux64_1.0.200.202406132123/tools/bin/../lib/gcc/arm-none-eabi/12.3.1/../../../../arm-none-eabi/lib/thumb/v7-m/nofp/libc_nano.a(libc_a-exit.o) (__stdio_exit_handler)
/opt/st/stm32cubeide_1.16.0/plugins/com.st.stm32cube.ide.mcu.externaltools.gnu-tools-for-stm32.12.3.rel1.linux64_1.0.200.202406132123/tools/bin/../lib/gcc/arm-none-eabi/12.3.1/../../../../arm-none-eabi/lib/thumb/v7-m/nofp/libc_nano.a(libc_a-fwalk.o)
                              /opt/st/stm32cubeide_1.16.0/plugins/com.st.stm32cube.ide.mcu.externaltools.gnu-tools-for-stm32.12.3.rel1.linux64_1.0.200.202406132123/tools/bin/../lib/gcc/arm-none-eabi/12.3.1/../../../../arm-none-eabi/lib/thumb/v7-m/nofp/libc_nano.a(libc_a-findfp.o) (_fwalk_sglue)
/opt/st/stm32cubeide_1.16.0/plugins/com.st.stm32cube.ide.mcu.externaltools.gnu-tools-for-stm32.12.3.rel1.linux64_1.0.200.202406132123/tools/bin/../lib/gcc/arm-none-eabi/12.3.1/../../../../arm-none-eabi/lib/thumb/v7-m/nofp/libc_nano.a(libc_a-stdio.o)
                              /opt/st/stm32cubeide_1.16.0/plugins/com.st.stm32cube.ide.mcu.externaltools.gnu-tools-for-stm32.12.3.rel1.linux64_1.0.200.202406132123/tools/bin/../lib/gcc/arm-none-eabi/12.3.1/../../../../arm-none-eabi/lib/thumb/v7-m/nofp/libc_nano.a(libc_a-findfp.o) (__sread)
/opt/st/stm32cubeide_1.16.0/plugins/com.st.stm32cube.ide.mcu.externaltools.gnu-tools-for-stm32.12.3.rel1.linux64_1.0.200.202406132123/tools/bin/../lib/gcc/arm-none-eabi/12.3.1/../../../../arm-none-eabi/lib/thumb/v7-m/nofp/libc_nano.a(libc_a-memset.o)
                              /opt/st/stm32cubeide_1.16.0/plugins/com.st.stm32cube.ide.mcu.externaltools.gnu-tools-for-stm32.12.3.rel1.linux64_1.0.200.202406132123/tools/bin/../lib/gcc/arm-none-eabi/12.3.1/../../../../arm-none-eabi/lib/thumb/v7-m/nofp/crt0.o (memset)
/opt/st/stm32cubeide_1.16.0/plugins/com.st.stm32cube.ide.mcu.externaltools.gnu-tools-for-stm32.12.3.rel1.linux64_1.0.200.202406132123/tools/bin/../lib/gcc/arm-none-eabi/12.3.1/../../../../arm-none-eabi/lib/thumb/v7-m/nofp/libc_nano.a(libc_a-closer.o)
                              /opt/st/stm32cubeide_1.16.0/plugins/com.st.stm32cube.ide.mcu.externaltools.gnu-tools-for-stm32.12.3.rel1.linux64_1.0.200.202406132123/tools/bin/../lib/gcc/arm-none-eabi/12.3.1/../../../../arm-none-eabi/lib/thumb/v7-m/nofp/libc_nano.a(libc_a-stdio.o) (_close_r)
/opt/st/stm32cubeide_1.16.0/plugins/com.st.stm32cube.ide.mcu.externaltools.gnu-tools-for-stm32.12.3.rel1.linux64_1.0.200.202406132123/tools/bin/../lib/gcc/arm-none-eabi/12.3.1/../../../../arm-none-eabi/lib/thumb/v7-m/nofp/libc_nano.a(libc_a-reent.o)
                              /opt/st/stm32cubeide_1.16.0/plugins/com.st.stm32cube.ide.mcu.externaltools.gnu-tools-for-stm32.12.3.rel1.linux64_1.0.200.202406132123/tools/bin/../lib/gcc/arm-none-eabi/12.3.1/../../../../arm-none-eabi/lib/thumb/v7-m/nofp/libc_nano.a(libc_a-closer.o) (errno)
/opt/st/stm32cubeide_1.16.0/plugins/com.st.stm32cube.ide.mcu.externaltools.gnu-tools-for-stm32.12.3.rel1.linux64_1.0.200.202406132123/tools/bin/../lib/gcc/arm-none-eabi/12.3.1/../../../../arm-none-eabi/lib/thumb/v7-m/nofp/libc_nano.a(libc_a-impure.o)
                              /opt/st/stm32cubeide_1.16.0/plugins/com.st.stm32cube.ide.mcu.externaltools.gnu-tools-for-stm32.12.3.rel1.linux64_1.0.200.202406132123/tools/bin/../lib/gcc/arm-none-eabi/12.3.1/../../../../arm-none-eabi/lib/thumb/v7-m/nofp/libc_nano.a(libc_a-reent.o) (_impure_ptr)
/opt/st/stm32cubeide_1.16.0/plugins/com.st.stm32cube.ide.mcu.externaltools.gnu-tools-for-stm32.12.3.rel1.linux64_1.0.200.202406132123/tools/bin/../lib/gcc/arm-none-eabi/12.3.1/../../../../arm-none-eabi/lib/thumb/v7-m/nofp/libc_nano.a(libc_a-lseekr.o)
                              /opt/st/stm32cubeide_1.16.0/plugins/com.st.stm32cube.ide.mcu.externaltools.gnu-tools-for-stm32.12.3.rel1.linux64_1.0.200.202406132123/tools/bin/../lib/gcc/arm-none-eabi/12.3.1/../../../../arm-none-eabi/lib/thumb/v7-m/nofp/libc_nano.a(libc_a-stdio.o) (_lseek_r)
[...]
Memory Configuration

Name             Origin             Length             Attributes
RAM              0x20000000         0x00005000         xrw
FLASH            0x08000000         0x00010000         xr
*default*        0x00000000         0xffffffff

Linker script and memory map

LOAD /opt/st/stm32cubeide_1.16.0/plugins/com.st.stm32cube.ide.mcu.externaltools.gnu-tools-for-stm32.12.3.rel1.linux64_1.0.200.202406132123/tools/bin/../lib/gcc/arm-none-eabi/12.3.1/thumb/v7-m/nofp/crti.o
LOAD /opt/st/stm32cubeide_1.16.0/plugins/com.st.stm32cube.ide.mcu.externaltools.gnu-tools-for-stm32.12.3.rel1.linux64_1.0.200.202406132123/tools/bin/../lib/gcc/arm-none-eabi/12.3.1/thumb/v7-m/nofp/crtbegin.o
LOAD /opt/st/stm32cubeide_1.16.0/plugins/com.st.stm32cube.ide.mcu.externaltools.gnu-tools-for-stm32.12.3.rel1.linux64_1.0.200.202406132123/tools/bin/../lib/gcc/arm-none-eabi/12.3.1/../../../../arm-none-eabi/lib/thumb/v7-m/nofp/crt0.o
LOAD ./Mcal/Dio/DIO_interface.o
LOAD ./Mcal/NVIC/NVIC_interface.o
LOAD ./Mcal/Port/PORT_config.o
LOAD ./Mcal/Port/PORT_interface.o
LOAD ./Mcal/RCC_new/RCC_interface.o
LOAD ./Mcal/Systick/systick.o
LOAD ./Src/main.o
LOAD ./Src/syscalls.o
LOAD ./Src/sysmem.o
LOAD ./Startup/startup_stm32f103c8tx.o
LOAD ./common/Assert/assert.o
START GROUP
LOAD /opt/st/stm32cubeide_1.16.0/plugins/com.st.stm32cube.ide.mcu.externaltools.gnu-tools-for-stm32.12.3.rel1.linux64_1.0.200.202406132123/tools/bin/../lib/gcc/arm-none-eabi/12.3.1/../../../../arm-none-eabi/lib/thumb/v7-m/nofp/libc_nano.a
LOAD /opt/st/stm32cubeide_1.16.0/plugins/com.st.stm32cube.ide.mcu.externaltools.gnu-tools-for-stm32.12.3.rel1.linux64_1.0.200.202406132123/tools/bin/../lib/gcc/arm-none-eabi/12.3.1/../../../../arm-none-eabi/lib/thumb/v7-m/nofp/libm.a
END GROUP
START GROUP
LOAD /opt/st/stm32cubeide_1.16.0/plugins/com.st.stm32cube.ide.mcu.externaltools.gnu-tools-for-stm32.12.3.rel1.linux64_1.0.200.202406132123/tools/bin/../lib/gcc/arm-none-eabi/12.3.1/thumb/v7-m/nofp/libgcc.a
LOAD /opt/st/stm32cubeide_1.16.0/plugins/com.st.stm32cube.ide.mcu.externaltools.gnu-tools-for-stm32.12.3.rel1.linux64_1.0.200.202406132123/tools/bin/../lib/gcc/arm-none-eabi/12.3.1/../../../../arm-none-eabi/lib/thumb/v7-m/nofp/libc_nano.a
END GROUP
START GROUP
LOAD /opt/st/stm32cubeide_1.16.0/plugins/com.st.stm32cube.ide.mcu.externaltools.gnu-tools-for-stm32.12.3.rel1.linux64_1.0.200.202406132123/tools/bin/../lib/gcc/arm-none-eabi/12.3.1/thumb/v7-m/nofp/libgcc.a
LOAD /opt/st/stm32cubeide_1.16.0/plugins/com.st.stm32cube.ide.mcu.externaltools.gnu-tools-for-stm32.12.3.rel1.linux64_1.0.200.202406132123/tools/bin/../lib/gcc/arm-none-eabi/12.3.1/../../../../arm-none-eabi/lib/thumb/v7-m/nofp/libc_nano.a
LOAD /opt/st/stm32cubeide_1.16.0/plugins/com.st.stm32cube.ide.mcu.externaltools.gnu-tools-for-stm32.12.3.rel1.linux64_1.0.200.202406132123/tools/bin/../lib/gcc/arm-none-eabi/12.3.1/../../../../arm-none-eabi/lib/thumb/v7-m/nofp/libnosys.a
END GROUP
START GROUP
LOAD /opt/st/stm32cubeide_1.16.0/plugins/com.st.stm32cube.ide.mcu.externaltools.gnu-tools-for-stm32.12.3.rel1.linux64_1.0.200.202406132123/tools/bin/../lib/gcc/arm-none-eabi/12.3.1/thumb/v7-m/nofp/libgcc.a
LOAD /opt/st/stm32cubeide_1.16.0/plugins/com.st.stm32cube.ide.mcu.externaltools.gnu-tools-for-stm32.12.3.rel1.linux64_1.0.200.202406132123/tools/bin/../lib/gcc/arm-none-eabi/12.3.1/../../../../arm-none-eabi/lib/thumb/v7-m/nofp/libc_nano.a
LOAD /opt/st/stm32cubeide_1.16.0/plugins/com.st.stm32cube.ide.mcu.externaltools.gnu-tools-for-stm32.12.3.rel1.linux64_1.0.200.202406132123/tools/bin/../lib/gcc/arm-none-eabi/12.3.1/../../../../arm-none-eabi/lib/thumb/v7-m/nofp/libnosys.a
END GROUP
LOAD /opt/st/stm32cubeide_1.16.0/plugins/com.st.stm32cube.ide.mcu.externaltools.gnu-tools-for-stm32.12.3.rel1.linux64_1.0.200.202406132123/tools/bin/../lib/gcc/arm-none-eabi/12.3.1/thumb/v7-m/nofp/crtend.o
LOAD /opt/st/stm32cubeide_1.16.0/plugins/com.st.stm32cube.ide.mcu.externaltools.gnu-tools-for-stm32.12.3.rel1.linux64_1.0.200.202406132123/tools/bin/../lib/gcc/arm-none-eabi/12.3.1/thumb/v7-m/nofp/crtn.o
                0x20005000                        _estack = (ORIGIN (RAM) + LENGTH (RAM))
                0x00000200                        _Min_Heap_Size = 0x200
                0x00000400                        _Min_Stack_Size = 0x400

.isr_vector     0x08000000      0x130
                0x08000000                        . = ALIGN (0x4)
 *(.isr_vector)
 .isr_vector    0x08000000      0x130 ./Startup/startup_stm32f103c8tx.o
                0x08000000                g_pfnVectors
                0x08000130                        . = ALIGN (0x4)

.text           0x08000130      0xaac
                0x08000130                        . = ALIGN (0x4)
 *(.text)
 .text          0x08000130       0x40 /opt/st/stm32cubeide_1.16.0/plugins/com.st.stm32cube.ide.mcu.externaltools.gnu-tools-for-stm32.12.3.rel1.linux64_1.0.200.202406132123/tools/bin/../lib/gcc/arm-none-eabi/12.3.1/thumb/v7-m/nofp/crtbegin.o
 *(.text*)
 .text.Dio_WriteChannel
                0x08000170       0x9c ./Mcal/Dio/DIO_interface.o
                0x08000170                Dio_WriteChannel
 .text.NVIC_EnableIRQ
                0x0800020c       0x40 ./Mcal/NVIC/NVIC_interface.o
                0x0800020c                NVIC_EnableIRQ
 .text.NVIC_SetPendingIRQ
                0x0800024c       0x44 ./Mcal/NVIC/NVIC_interface.o
                0x0800024c                NVIC_SetPendingIRQ
 .text.Port_Init
                0x08000290      0x3c0 ./Mcal/Port/PORT_interface.o
                0x08000290                Port_Init
 .text.RCC_SystemClockConfig
                0x08000650      0x124 ./Mcal/RCC_new/RCC_interface.o
                0x08000650                RCC_SystemClockConfig
 .text.RCC_HSEConfig
                0x08000774       0x6c ./Mcal/RCC_new/RCC_interface.o
                0x08000774                RCC_HSEConfig
 .text.RCC_HSIConfig
                0x080007e0       0x48 ./Mcal/RCC_new/RCC_interface.o
                0x080007e0                RCC_HSIConfig
 .text.RCC_PLLConfig
                0x08000828       0x90 ./Mcal/RCC_new/RCC_interface.o
                0x08000828                RCC_PLLConfig
 .text.RCC_SelectSysClockSource
                0x080008b8       0x4c ./Mcal/RCC_new/RCC_interface.o
                0x080008b8                RCC_SelectSysClockSource
 .text.RCC_EnablePeripheralClock
                0x08000904       0x3c ./Mcal/RCC_new/RCC_interface.o
                0x08000904                RCC_EnablePeripheralClock
 .text.RCC_EnableMCO
                0x08000940       0x44 ./Mcal/RCC_new/RCC_interface.o
                0x08000940                RCC_EnableMCO
 .text.RCC_HSE_WaitReady
                0x08000984       0x50 ./Mcal/RCC_new/RCC_interface.o
 .text.RCC_PLL_WaitReady
                0x080009d4       0x50 ./Mcal/RCC_new/RCC_interface.o
 .text.RCC_HSI_WaitReady
                0x08000a24       0x50 ./Mcal/RCC_new/RCC_interface.o
 .text.RCC_Check_SystemClock
                0x08000a74       0x64 ./Mcal/RCC_new/RCC_interface.o
 .text.main     0x08000ad8       0x40 ./Src/main.o
                0x08000ad8                main
 .text.USART1_IRQHandler
                0x08000b18       0x10 ./Src/main.o
                0x08000b18                USART1_IRQHandler
 .text.Reset_Handler
                0x08000b28       0x50 ./Startup/startup_stm32f103c8tx.o
                0x08000b28                Reset_Handler
 .text.Default_Handler
                0x08000b78        0x2 ./Startup/startup_stm32f103c8tx.o
                0x08000b78                EXTI2_IRQHandler
                0x08000b78                TIM8_TRG_COM_IRQHandler
                0x08000b78                TIM8_CC_IRQHandler
                0x08000b78                DebugMon_Handler
                0x08000b78                TIM1_CC_IRQHandler
                0x08000b78                HardFault_Handler
                0x08000b78                TIM6_IRQHandler
                0x08000b78                SysTick_Handler
                0x08000b78                PVD_IRQHandler
                0x08000b78                SDIO_IRQHandler
                0x08000b78                PendSV_Handler
                0x08000b78                NMI_Handler
                0x08000b78                EXTI3_IRQHandler
                0x08000b78                USB_HP_CAN_TX_IRQHandler
                0x08000b78                EXTI0_IRQHandler
                0x08000b78                I2C2_EV_IRQHandler
                0x08000b78                UsageFault_Handler
                0x08000b78                ADC1_2_IRQHandler
                0x08000b78                SPI1_IRQHandler
                0x08000b78                CAN_SCE_IRQHandler
                0x08000b78                TAMPER_IRQHandler
                0x08000b78                TIM8_UP_IRQHandler
                0x08000b78                DMA2_Channel2_IRQHandler
                0x08000b78                DMA1_Channel4_IRQHandler
                0x08000b78                USART3_IRQHandler
                0x08000b78                RTC_IRQHandler
                0x08000b78                DMA1_Channel7_IRQHandler
                0x08000b78                UART5_IRQHandler
                0x08000b78                ADC3_IRQHandler
                0x08000b78                TIM4_IRQHandler
                0x08000b78                CAN_RX1_IRQHandler
                0x08000b78                DMA2_Channel1_IRQHandler
                0x08000b78                I2C1_EV_IRQHandler
                0x08000b78                DMA1_Channel6_IRQHandler
                0x08000b78                UART4_IRQHandler
                0x08000b78                TIM3_IRQHandler
                0x08000b78                RCC_IRQHandler
                0x08000b78                TIM1_TRG_COM_IRQHandler
                0x08000b78                DMA1_Channel1_IRQHandler
                0x08000b78                Default_Handler
                0x08000b78                EXTI15_10_IRQHandler
                0x08000b78                TIM7_IRQHandler
                0x08000b78                TIM5_IRQHandler
                0x08000b78                EXTI9_5_IRQHandler
                0x08000b78                SPI2_IRQHandler
                0x08000b78                USB_LP_CAN_RX0_IRQHandler
                0x08000b78                MemManage_Handler
                0x08000b78                SVC_Handler
                0x08000b78                DMA1_Channel5_IRQHandler
                0x08000b78                EXTI4_IRQHandler
                0x08000b78                DMA1_Channel3_IRQHandler
                0x08000b78                FSMC_IRQHandler
                0x08000b78                TIM1_UP_IRQHandler
                0x08000b78                WWDG_IRQHandler
                0x08000b78                TIM2_IRQHandler
                0x08000b78                TIM1_BRK_IRQHandler
                0x08000b78                EXTI1_IRQHandler
                0x08000b78                RTCAlarm_IRQHandler
                0x08000b78                DMA2_Channel4_5_IRQHandler
                0x08000b78                USART2_IRQHandler
                0x08000b78                I2C2_ER_IRQHandler
                0x08000b78                DMA1_Channel2_IRQHandler
                0x08000b78                TIM8_BRK_IRQHandler
                0x08000b78                FLASH_IRQHandler
                0x08000b78                BusFault_Handler
                0x08000b78                SPI3_IRQHandler
                0x08000b78                I2C1_ER_IRQHandler
                0x08000b78                DMA2_Channel3_IRQHandler
 *fill*         0x08000b7a        0x2 
 .text.__libc_init_array
                0x08000b7c       0x48 /opt/st/stm32cubeide_1.16.0/plugins/com.st.stm32cube.ide.mcu.externaltools.gnu-tools-for-stm32.12.3.rel1.linux64_1.0.200.202406132123/tools/bin/../lib/gcc/arm-none-eabi/12.3.1/../../../../arm-none-eabi/lib/thumb/v7-m/nofp/libc_nano.a(libc_a-init.o)
                0x08000b7c                __libc_init_array
 *(.glue_7)
 .glue_7        0x08000bc4        0x0 linker stubs
 *(.glue_7t)
 .glue_7t       0x08000bc4        0x0 linker stubs
 *(.eh_frame)
 .eh_frame      0x08000bc4        0x0 /opt/st/stm32cubeide_1.16.0/plugins/com.st.stm32cube.ide.mcu.externaltools.gnu-tools-for-stm32.12.3.rel1.linux64_1.0.200.202406132123/tools/bin/../lib/gcc/arm-none-eabi/12.3.1/thumb/v7-m/nofp/crtbegin.o
 *(.init)
 .init          0x08000bc4        0x4 /opt/st/stm32cubeide_1.16.0/plugins/com.st.stm32cube.ide.mcu.externaltools.gnu-tools-for-stm32.12.3.rel1.linux64_1.0.200.202406132123/tools/bin/../lib/gcc/arm-none-eabi/12.3.1/thumb/v7-m/nofp/crti.o
                0x08000bc4                _init
 .init          0x08000bc8        0x8 /opt/st/stm32cubeide_1.16.0/plugins/com.st.stm32cube.ide.mcu.externaltools.gnu-tools-for-stm32.12.3.rel1.linux64_1.0.200.202406132123/tools/bin/../lib/gcc/arm-none-eabi/12.3.1/thumb/v7-m/nofp/crtn.o
 *(.fini)
 .fini          0x08000bd0        0x4 /opt/st/stm32cubeide_1.16.0/plugins/com.st.stm32cube.ide.mcu.externaltools.gnu-tools-for-stm32.12.3.rel1.linux64_1.0.200.202406132123/tools/bin/../lib/gcc/arm-none-eabi/12.3.1/thumb/v7-m/nofp/crti.o
                0x08000bd0                _fini
 .fini          0x08000bd4        0x8 /opt/st/stm32cubeide_1.16.0/plugins/com.st.stm32cube.ide.mcu.externaltools.gnu-tools-for-stm32.12.3.rel1.linux64_1.0.200.202406132123/tools/bin/../lib/gcc/arm-none-eabi/12.3.1/thumb/v7-m/nofp/crtn.o
                0x08000bdc                        . = ALIGN (0x4)
                0x08000bdc                        _etext = .

.vfp11_veneer   0x08000bdc        0x0
 .vfp11_veneer  0x08000bdc        0x0 linker stubs

.v4_bx          0x08000bdc        0x0
 .v4_bx         0x08000bdc        0x0 linker stubs

.iplt           0x08000bdc        0x0
 .iplt          0x08000bdc        0x0 /opt/st/stm32cubeide_1.16.0/plugins/com.st.stm32cube.ide.mcu.externaltools.gnu-tools-for-stm32.12.3.rel1.linux64_1.0.200.202406132123/tools/bin/../lib/gcc/arm-none-eabi/12.3.1/thumb/v7-m/nofp/crtbegin.o

.rel.dyn        0x08000bdc        0x0
 .rel.iplt      0x08000bdc        0x0 /opt/st/stm32cubeide_1.16.0/plugins/com.st.stm32cube.ide.mcu.externaltools.gnu-tools-for-stm32.12.3.rel1.linux64_1.0.200.202406132123/tools/bin/../lib/gcc/arm-none-eabi/12.3.1/thumb/v7-m/nofp/crtbegin.o

.rodata         0x08000bdc        0x0
                0x08000bdc                        . = ALIGN (0x4)
 *(.rodata)
 *(.rodata*)
                0x08000bdc                        . = ALIGN (0x4)

.ARM.extab      0x08000bdc        0x0
                0x08000bdc                        . = ALIGN (0x4)
 *(.ARM.extab* .gnu.linkonce.armextab.*)
                0x08000bdc                        . = ALIGN (0x4)

.ARM            0x08000bdc        0x0
                0x08000bdc                        . = ALIGN (0x4)
                0x08000bdc                        __exidx_start = .
 *(.ARM.exidx*)
                0x08000bdc                        __exidx_end = .
                0x08000bdc                        . = ALIGN (0x4)

.preinit_array  0x08000bdc        0x0
                0x08000bdc                        . = ALIGN (0x4)
                0x08000bdc                        PROVIDE (__preinit_array_start = .)
 *(.preinit_array*)
                0x08000bdc                        PROVIDE (__preinit_array_end = .)
                0x08000bdc                        . = ALIGN (0x4)

.init_array     0x08000bdc        0x4
                0x08000bdc                        . = ALIGN (0x4)
                0x08000bdc                        PROVIDE (__init_array_start = .)
 *(SORT_BY_NAME(.init_array.*))
 *(.init_array*)
 .init_array    0x08000bdc        0x4 /opt/st/stm32cubeide_1.16.0/plugins/com.st.stm32cube.ide.mcu.externaltools.gnu-tools-for-stm32.12.3.rel1.linux64_1.0.200.202406132123/tools/bin/../lib/gcc/arm-none-eabi/12.3.1/thumb/v7-m/nofp/crtbegin.o
                0x08000be0                        PROVIDE (__init_array_end = .)
                0x08000be0                        . = ALIGN (0x4)

.fini_array     0x08000be0        0x4
                0x08000be0                        . = ALIGN (0x4)
                [!provide]                        PROVIDE (__fini_array_start = .)
 *(SORT_BY_NAME(.fini_array.*))
 *(.fini_array*)
 .fini_array    0x08000be0        0x4 /opt/st/stm32cubeide_1.16.0/plugins/com.st.stm32cube.ide.mcu.externaltools.gnu-tools-for-stm32.12.3.rel1.linux64_1.0.200.202406132123/tools/bin/../lib/gcc/arm-none-eabi/12.3.1/thumb/v7-m/nofp/crtbegin.o
                [!provide]                        PROVIDE (__fini_array_end = .)
                0x08000be4                        . = ALIGN (0x4)
                0x08000be4                        _sidata = LOADADDR (.data)

.data           0x20000000       0x1c load address 0x08000be4
                0x20000000                        . = ALIGN (0x4)
                0x20000000                        _sdata = .
 *(.data)
 *(.data*)
 .data.DIO_PortArr
                0x20000000        0xc ./Mcal/Dio/DIO_interface.o
 .data.PortCfg  0x2000000c        0x6 ./Mcal/Port/PORT_config.o
                0x2000000c                PortCfg
 *fill*         0x20000012        0x2 
 .data.systemclockconfig
                0x20000014        0x8 ./Src/main.o
                0x20000014                systemclockconfig
 *(.RamFunc)
 *(.RamFunc*)
                0x2000001c                        . = ALIGN (0x4)
                0x2000001c                        _edata = .

.igot.plt       0x2000001c        0x0 load address 0x08000c00
 .igot.plt      0x2000001c        0x0 /opt/st/stm32cubeide_1.16.0/plugins/com.st.stm32cube.ide.mcu.externaltools.gnu-tools-for-stm32.12.3.rel1.linux64_1.0.200.202406132123/tools/bin/../lib/gcc/arm-none-eabi/12.3.1/thumb/v7-m/nofp/crtbegin.o
                0x2000001c                        . = ALIGN (0x4)

.bss            0x2000001c       0x20 load address 0x08000c00
                0x2000001c                        _sbss = .
                0x2000001c                        __bss_start__ = _sbss
 *(.bss)
 .bss           0x2000001c       0x1c /opt/st/stm32cubeide_1.16.0/plugins/com.st.stm32cube.ide.mcu.externaltools.gnu-tools-for-stm32.12.3.rel1.linux64_1.0.200.202406132123/tools/bin/../lib/gcc/arm-none-eabi/12.3.1/thumb/v7-m/nofp/crtbegin.o
 *(.bss*)
 .bss.SYSCLK_SRC
                0x20000038        0x1 ./Mcal/RCC_new/RCC_interface.o
                0x20000038                SYSCLK_SRC
 *(COMMON)
                0x2000003c                        . = ALIGN (0x4)
 *fill*         0x20000039        0x3 
                0x2000003c                        _ebss = .
                0x2000003c                        __bss_end__ = _ebss

._user_heap_stack
                0x2000003c      0x604 load address 0x08000c00
                0x20000040                        . = ALIGN (0x8)
 *fill*         0x2000003c        0x4 
                [!provide]                        PROVIDE (end = .)
                0x20000040                        PROVIDE (_end = .)
                0x20000240                        . = (. + _Min_Heap_Size)
 *fill*         0x20000040      0x200 
                0x20000640                        . = (. + _Min_Stack_Size)
 *fill*         0x20000240      0x400 
                0x20000640                        . = ALIGN (0x8)

/DISCARD/
 libc.a(*)
 libm.a(*)
 libgcc.a(*)

.ARM.attributes
                0x00000000       0x29
 *(.ARM.attributes)
 .ARM.attributes
                0x00000000       0x1d /opt/st/stm32cubeide_1.16.0/plugins/com.st.stm32cube.ide.mcu.externaltools.gnu-tools-for-stm32.12.3.rel1.linux64_1.0.200.202406132123/tools/bin/../lib/gcc/arm-none-eabi/12.3.1/thumb/v7-m/nofp/crti.o
 .ARM.attributes
                0x0000001d       0x2d /opt/st/stm32cubeide_1.16.0/plugins/com.st.stm32cube.ide.mcu.externaltools.gnu-tools-for-stm32.12.3.rel1.linux64_1.0.200.202406132123/tools/bin/../lib/gcc/arm-none-eabi/12.3.1/thumb/v7-m/nofp/crtbegin.o
 .ARM.attributes
                0x0000004a       0x2d ./Mcal/Dio/DIO_interface.o
 .ARM.attributes
                0x00000077       0x2d ./Mcal/NVIC/NVIC_interface.o
 .ARM.attributes
                0x000000a4       0x2d ./Mcal/Port/PORT_config.o
 .ARM.attributes
                0x000000d1       0x2d ./Mcal/Port/PORT_interface.o
 .ARM.attributes
                0x000000fe       0x2d ./Mcal/RCC_new/RCC_interface.o
 .ARM.attributes
                0x0000012b       0x2d ./Src/main.o
 .ARM.attributes
                0x00000158       0x21 ./Startup/startup_stm32f103c8tx.o
 .ARM.attributes
                0x00000179       0x2d /opt/st/stm32cubeide_1.16.0/plugins/com.st.stm32cube.ide.mcu.externaltools.gnu-tools-for-stm32.12.3.rel1.linux64_1.0.200.202406132123/tools/bin/../lib/gcc/arm-none-eabi/12.3.1/../../../../arm-none-eabi/lib/thumb/v7-m/nofp/libc_nano.a(libc_a-init.o)
 .ARM.attributes
                0x000001a6       0x1d /opt/st/stm32cubeide_1.16.0/plugins/com.st.stm32cube.ide.mcu.externaltools.gnu-tools-for-stm32.12.3.rel1.linux64_1.0.200.202406132123/tools/bin/../lib/gcc/arm-none-eabi/12.3.1/thumb/v7-m/nofp/crtn.o
OUTPUT(BlueBill_Drivers.elf elf32-littlearm)
LOAD linker stubs
LOAD /opt/st/stm32cubeide_1.16.0/plugins/com.st.stm32cube.ide.mcu.externaltools.gnu-tools-for-stm32.12.3.rel1.linux64_1.0.200.202406132123/tools/bin/../lib/gcc/arm-none-eabi/12.3.1/../../../../arm-none-eabi/lib/thumb/v7-m/nofp/libc.a
LOAD /opt/st/stm32cubeide_1.16.0/plugins/com.st.stm32cube.ide.mcu.externaltools.gnu-tools-for-stm32.12.3.rel1.linux64_1.0.200.202406132123/tools/bin/../lib/gcc/arm-none-eabi/12.3.1/../../../../arm-none-eabi/lib/thumb/v7-m/nofp/libm.a
LOAD /opt/st/stm32cubeide_1.16.0/plugins/com.st.stm32cube.ide.mcu.externaltools.gnu-tools-for-stm32.12.3.rel1.linux64_1.0.200.202406132123/tools/bin/../lib/gcc/arm-none-eabi/12.3.1/thumb/v7-m/nofp/libgcc.a

.debug_info     0x00000000     0x2114
 .debug_info    0x00000000      0x4c2 ./Mcal/Dio/DIO_interface.o
 .debug_info    0x000004c2      0x49e ./Mcal/NVIC/NVIC_interface.o
 .debug_info    0x00000960      0x311 ./Mcal/Port/PORT_config.o
 .debug_info    0x00000c71      0x452 ./Mcal/Port/PORT_interface.o
 .debug_info    0x000010c3      0x6d0 ./Mcal/RCC_new/RCC_interface.o
 .debug_info    0x00001793      0x951 ./Src/main.o
 .debug_info    0x000020e4       0x30 ./Startup/startup_stm32f103c8tx.o

.debug_abbrev   0x00000000      0x71f
 .debug_abbrev  0x00000000      0x14a ./Mcal/Dio/DIO_interface.o
 .debug_abbrev  0x0000014a      0x12e ./Mcal/NVIC/NVIC_interface.o
 .debug_abbrev  0x00000278       0x92 ./Mcal/Port/PORT_config.o
 .debug_abbrev  0x0000030a      0x105 ./Mcal/Port/PORT_interface.o
 .debug_abbrev  0x0000040f      0x1a8 ./Mcal/RCC_new/RCC_interface.o
 .debug_abbrev  0x000005b7      0x144 ./Src/main.o
 .debug_abbrev  0x000006fb       0x24 ./Startup/startup_stm32f103c8tx.o

.debug_aranges  0x00000000      0x1a0
 .debug_aranges
                0x00000000       0x40 ./Mcal/Dio/DIO_interface.o
 .debug_aranges
                0x00000040       0x48 ./Mcal/NVIC/NVIC_interface.o
 .debug_aranges
                0x00000088       0x18 ./Mcal/Port/PORT_config.o
 .debug_aranges
                0x000000a0       0x20 ./Mcal/Port/PORT_interface.o
 .debug_aranges
                0x000000c0       0x90 ./Mcal/RCC_new/RCC_interface.o
 .debug_aranges
                0x00000150       0x28 ./Src/main.o
 .debug_aranges
                0x00000178       0x28 ./Startup/startup_stm32f103c8tx.o

.debug_rnglists
                0x00000000      0x10e
 .debug_rnglists
                0x00000000       0x2e ./Mcal/Dio/DIO_interface.o
 .debug_rnglists
                0x0000002e       0x31 ./Mcal/NVIC/NVIC_interface.o
 .debug_rnglists
                0x0000005f       0x14 ./Mcal/Port/PORT_interface.o
 .debug_rnglists
                0x00000073       0x69 ./Mcal/RCC_new/RCC_interface.o
 .debug_rnglists
                0x000000dc       0x19 ./Src/main.o
 .debug_rnglists
                0x000000f5       0x19 ./Startup/startup_stm32f103c8tx.o

.debug_macro    0x00000000     0x2172
 .debug_macro   0x00000000       0x4e ./Mcal/Dio/DIO_interface.o
 .debug_macro   0x0000004e      0xaae ./Mcal/Dio/DIO_interface.o
 .debug_macro   0x00000afc       0x34 ./Mcal/Dio/DIO_interface.o
 .debug_macro   0x00000b30       0x2e ./Mcal/Dio/DIO_interface.o
 .debug_macro   0x00000b5e       0x22 ./Mcal/Dio/DIO_interface.o
 .debug_macro   0x00000b80       0x28 ./Mcal/Dio/DIO_interface.o
 .debug_macro   0x00000ba8       0x16 ./Mcal/Dio/DIO_interface.o
 .debug_macro   0x00000bbe       0x3f ./Mcal/NVIC/NVIC_interface.o
 .debug_macro   0x00000bfd       0x88 ./Mcal/NVIC/NVIC_interface.o
 .debug_macro   0x00000c85       0x10 ./Mcal/NVIC/NVIC_interface.o
 .debug_macro   0x00000c95       0x68 ./Mcal/Port/PORT_config.o
 .debug_macro   0x00000cfd       0x10 ./Mcal/Port/PORT_config.o
 .debug_macro   0x00000d0d       0x16 ./Mcal/Port/PORT_config.o
 .debug_macro   0x00000d23       0x68 ./Mcal/Port/PORT_interface.o
 .debug_macro   0x00000d8b       0x47 ./Mcal/RCC_new/RCC_interface.o
 .debug_macro   0x00000dd2      0x1f6 ./Mcal/RCC_new/RCC_interface.o
 .debug_macro   0x00000fc8       0x10 ./Mcal/RCC_new/RCC_interface.o
 .debug_macro   0x00000fd8      0x20f ./Src/main.o
 .debug_macro   0x000011e7       0x22 ./Src/main.o
 .debug_macro   0x00001209       0x8e ./Src/main.o
 .debug_macro   0x00001297       0x51 ./Src/main.o
 .debug_macro   0x000012e8      0x103 ./Src/main.o
 .debug_macro   0x000013eb       0x6a ./Src/main.o
 .debug_macro   0x00001455      0x1df ./Src/main.o
 .debug_macro   0x00001634       0x61 ./Src/main.o
 .debug_macro   0x00001695       0x24 ./Src/main.o
 .debug_macro   0x000016b9       0x43 ./Src/main.o
 .debug_macro   0x000016fc       0x34 ./Src/main.o
 .debug_macro   0x00001730       0x16 ./Src/main.o
 .debug_macro   0x00001746       0x9e ./Src/main.o
 .debug_macro   0x000017e4      0x369 ./Src/main.o
 .debug_macro   0x00001b4d      0x10b ./Src/main.o
 .debug_macro   0x00001c58       0x10 ./Src/main.o
 .debug_macro   0x00001c68       0x16 ./Src/main.o
 .debug_macro   0x00001c7e       0x43 ./Src/main.o
 .debug_macro   0x00001cc1       0x34 ./Src/main.o
 .debug_macro   0x00001cf5       0x10 ./Src/main.o
 .debug_macro   0x00001d05       0x58 ./Src/main.o
 .debug_macro   0x00001d5d       0x8e ./Src/main.o
 .debug_macro   0x00001deb       0x1c ./Src/main.o
 .debug_macro   0x00001e07      0x177 ./Src/main.o
 .debug_macro   0x00001f7e       0x16 ./Src/main.o
 .debug_macro   0x00001f94       0x16 ./Src/main.o
 .debug_macro   0x00001faa      0x146 ./Src/main.o
 .debug_macro   0x000020f0       0x82 ./Src/main.o

.debug_line     0x00000000     0x13f9
 .debug_line    0x00000000      0x313 ./Mcal/Dio/DIO_interface.o
 .debug_line    0x00000313      0x18f ./Mcal/NVIC/NVIC_interface.o
 .debug_line    0x000004a2       0xcc ./Mcal/Port/PORT_config.o
 .debug_line    0x0000056e      0x2ec ./Mcal/Port/PORT_interface.o
 .debug_line    0x0000085a      0x41c ./Mcal/RCC_new/RCC_interface.o
 .debug_line    0x00000c76      0x708 ./Src/main.o
 .debug_line    0x0000137e       0x7b ./Startup/startup_stm32f103c8tx.o

.debug_str      0x00000000     0x910c
 .debug_str     0x00000000     0x334a ./Mcal/Dio/DIO_interface.o
                               0x33dc (size before relaxing)
 .debug_str     0x0000334a      0x6ed ./Mcal/NVIC/NVIC_interface.o
                               0x3706 (size before relaxing)
 .debug_str     0x00003a37      0x462 ./Mcal/Port/PORT_config.o
                               0x376c (size before relaxing)
 .debug_str     0x00003e99       0x6d ./Mcal/Port/PORT_interface.o
                               0x37dd (size before relaxing)
 .debug_str     0x00003f06      0xa0e ./Mcal/RCC_new/RCC_interface.o
                               0x3a36 (size before relaxing)
 .debug_str     0x00004914     0x47b9 ./Src/main.o
                               0x8e41 (size before relaxing)
 .debug_str     0x000090cd       0x3f ./Startup/startup_stm32f103c8tx.o
                                 0x8d (size before relaxing)

.comment        0x00000000       0x43
 .comment       0x00000000       0x43 ./Mcal/Dio/DIO_interface.o
                                 0x44 (size before relaxing)
 .comment       0x00000043       0x44 ./Mcal/NVIC/NVIC_interface.o
 .comment       0x00000043       0x44 ./Mcal/Port/PORT_config.o
 .comment       0x00000043       0x44 ./Mcal/Port/PORT_interface.o
 .comment       0x00000043       0x44 ./Mcal/RCC_new/RCC_interface.o
 .comment       0x00000043       0x44 ./Src/main.o

.debug_frame    0x00000000      0x4d4
 .debug_frame   0x00000000       0xd4 ./Mcal/Dio/DIO_interface.o
 .debug_frame   0x000000d4      0x100 ./Mcal/NVIC/NVIC_interface.o
 .debug_frame   0x000001d4       0x38 ./Mcal/Port/PORT_interface.o
 .debug_frame   0x0000020c      0x254 ./Mcal/RCC_new/RCC_interface.o
 .debug_frame   0x00000460       0x48 ./Src/main.o
 .debug_frame   0x000004a8       0x2c /opt/st/stm32cubeide_1.16.0/plugins/com.st.stm32cube.ide.mcu.externaltools.gnu-tools-for-stm32.12.3.rel1.linux64_1.0.200.202406132123/tools/bin/../lib/gcc/arm-none-eabi/12.3.1/../../../../arm-none-eabi/lib/thumb/v7-m/nofp/libc_nano.a(libc_a-init.o)

.debug_line_str
                0x00000000       0x71
 .debug_line_str
                0x00000000       0x71 ./Startup/startup_stm32f103c8tx.o
